// Jest Snapshot v1, https://goo.gl/fbAQLP

exports[`ZStageContainer should render self and subcomponents 1`] = `
<styled.div>
  <Modal
    ariaHideApp={true}
    bodyOpenClassName="ReactModal__Body--open"
    className="zstage-modal"
    closeTimeoutMS={0}
    contentLabel="Z Stage"
    isOpen={true}
    onRequestClose={[Function]}
    overlayClassName="modal-overlay"
    parentSelector={[Function]}
    portalClassName="ReactModalPortal"
    shouldCloseOnOverlayClick={true}
    shouldFocusAfterRender={true}
  >
    <styled.div>
      <Styled(MdClose)
        onClick={[Function]}
      />
      <styled.h5>
        Z-Stage
      </styled.h5>
      <styled.div>
        <Styled(Leg) />
        <styled.div
          innerRef={[Function]}
          onMouseDown={[Function]}
          onMouseUp={[Function]}
        >
          <Body
            innerRef={[Function]}
            onMouseMove={[Function]}
          />
        </styled.div>
        <Styled(Leg) />
      </styled.div>
      <styled.div>
        <span>
          5.5
        </span>
         in
      </styled.div>
      <styled.div>
        Drag center of robot to position
      </styled.div>
    </styled.div>
  </Modal>
</styled.div>
`;
